Archive member included to satisfy reference by file (symbol)

d:/embedded/st/stm32cubeide_1.4.0/stm32cubeide/plugins/com.st.stm32cube.ide.mcu.externaltools.gnu-tools-for-stm32.7-2018-q2-update.win32_1.4.0.202007081208/tools/bin/../lib/gcc/arm-none-eabi/7.3.1/../../../../arm-none-eabi/lib/thumb/v7-m\libc_nano.a(lib_a-errno.o)
                              Core/Src/syscalls.o (__errno)
d:/embedded/st/stm32cubeide_1.4.0/stm32cubeide/plugins/com.st.stm32cube.ide.mcu.externaltools.gnu-tools-for-stm32.7-2018-q2-update.win32_1.4.0.202007081208/tools/bin/../lib/gcc/arm-none-eabi/7.3.1/../../../../arm-none-eabi/lib/thumb/v7-m\libc_nano.a(lib_a-exit.o)
                              d:/embedded/st/stm32cubeide_1.4.0/stm32cubeide/plugins/com.st.stm32cube.ide.mcu.externaltools.gnu-tools-for-stm32.7-2018-q2-update.win32_1.4.0.202007081208/tools/bin/../lib/gcc/arm-none-eabi/7.3.1/../../../../arm-none-eabi/lib/thumb/v7-m/crt0.o (exit)
d:/embedded/st/stm32cubeide_1.4.0/stm32cubeide/plugins/com.st.stm32cube.ide.mcu.externaltools.gnu-tools-for-stm32.7-2018-q2-update.win32_1.4.0.202007081208/tools/bin/../lib/gcc/arm-none-eabi/7.3.1/../../../../arm-none-eabi/lib/thumb/v7-m\libc_nano.a(lib_a-impure.o)
                              d:/embedded/st/stm32cubeide_1.4.0/stm32cubeide/plugins/com.st.stm32cube.ide.mcu.externaltools.gnu-tools-for-stm32.7-2018-q2-update.win32_1.4.0.202007081208/tools/bin/../lib/gcc/arm-none-eabi/7.3.1/../../../../arm-none-eabi/lib/thumb/v7-m\libc_nano.a(lib_a-exit.o) (_global_impure_ptr)
d:/embedded/st/stm32cubeide_1.4.0/stm32cubeide/plugins/com.st.stm32cube.ide.mcu.externaltools.gnu-tools-for-stm32.7-2018-q2-update.win32_1.4.0.202007081208/tools/bin/../lib/gcc/arm-none-eabi/7.3.1/../../../../arm-none-eabi/lib/thumb/v7-m\libc_nano.a(lib_a-init.o)
                              d:/embedded/st/stm32cubeide_1.4.0/stm32cubeide/plugins/com.st.stm32cube.ide.mcu.externaltools.gnu-tools-for-stm32.7-2018-q2-update.win32_1.4.0.202007081208/tools/bin/../lib/gcc/arm-none-eabi/7.3.1/../../../../arm-none-eabi/lib/thumb/v7-m/crt0.o (__libc_init_array)
d:/embedded/st/stm32cubeide_1.4.0/stm32cubeide/plugins/com.st.stm32cube.ide.mcu.externaltools.gnu-tools-for-stm32.7-2018-q2-update.win32_1.4.0.202007081208/tools/bin/../lib/gcc/arm-none-eabi/7.3.1/../../../../arm-none-eabi/lib/thumb/v7-m\libc_nano.a(lib_a-memcpy-stub.o)
                              Core/Src/communication.o (memcpy)
d:/embedded/st/stm32cubeide_1.4.0/stm32cubeide/plugins/com.st.stm32cube.ide.mcu.externaltools.gnu-tools-for-stm32.7-2018-q2-update.win32_1.4.0.202007081208/tools/bin/../lib/gcc/arm-none-eabi/7.3.1/../../../../arm-none-eabi/lib/thumb/v7-m\libc_nano.a(lib_a-memset.o)
                              d:/embedded/st/stm32cubeide_1.4.0/stm32cubeide/plugins/com.st.stm32cube.ide.mcu.externaltools.gnu-tools-for-stm32.7-2018-q2-update.win32_1.4.0.202007081208/tools/bin/../lib/gcc/arm-none-eabi/7.3.1/../../../../arm-none-eabi/lib/thumb/v7-m/crt0.o (memset)

Allocating common symbols
Common symbol       size              file

esc_struct          0x2               Core/Src/esc.o
k                   0x4               Core/Src/stm32f1xx_it.o
uwTick              0x4               Drivers/STM32F1xx_HAL_Driver/Src/stm32f1xx_hal.o
pFlash              0x20              Drivers/STM32F1xx_HAL_Driver/Src/stm32f1xx_hal_flash.o
htim3               0x48              Core/Src/main.o
huart2              0x40              Core/Src/main.o
keys                0x4               Core/Src/stm32f1xx_it.o

Discarded input sections

 .text          0x0000000000000000        0x0 d:/embedded/st/stm32cubeide_1.4.0/stm32cubeide/plugins/com.st.stm32cube.ide.mcu.externaltools.gnu-tools-for-stm32.7-2018-q2-update.win32_1.4.0.202007081208/tools/bin/../lib/gcc/arm-none-eabi/7.3.1/thumb/v7-m/crti.o
 .data          0x0000000000000000        0x0 d:/embedded/st/stm32cubeide_1.4.0/stm32cubeide/plugins/com.st.stm32cube.ide.mcu.externaltools.gnu-tools-for-stm32.7-2018-q2-update.win32_1.4.0.202007081208/tools/bin/../lib/gcc/arm-none-eabi/7.3.1/thumb/v7-m/crti.o
 .bss           0x0000000000000000        0x0 d:/embedded/st/stm32cubeide_1.4.0/stm32cubeide/plugins/com.st.stm32cube.ide.mcu.externaltools.gnu-tools-for-stm32.7-2018-q2-update.win32_1.4.0.202007081208/tools/bin/../lib/gcc/arm-none-eabi/7.3.1/thumb/v7-m/crti.o
 .data          0x0000000000000000        0x4 d:/embedded/st/stm32cubeide_1.4.0/stm32cubeide/plugins/com.st.stm32cube.ide.mcu.externaltools.gnu-tools-for-stm32.7-2018-q2-update.win32_1.4.0.202007081208/tools/bin/../lib/gcc/arm-none-eabi/7.3.1/thumb/v7-m/crtbegin.o
 .text          0x0000000000000000       0x74 d:/embedded/st/stm32cubeide_1.4.0/stm32cubeide/plugins/com.st.stm32cube.ide.mcu.externaltools.gnu-tools-for-stm32.7-2018-q2-update.win32_1.4.0.202007081208/tools/bin/../lib/gcc/arm-none-eabi/7.3.1/../../../../arm-none-eabi/lib/thumb/v7-m/crt0.o
[...]
Memory Configuration

Name             Origin             Length             Attributes
RAM              0x0000000020000000 0x0000000000002800 xrw
FLASH            0x0000000008000000 0x0000000000008000 xr
*default*        0x0000000000000000 0xffffffffffffffff

Linker script and memory map

LOAD d:/embedded/st/stm32cubeide_1.4.0/stm32cubeide/plugins/com.st.stm32cube.ide.mcu.externaltools.gnu-tools-for-stm32.7-2018-q2-update.win32_1.4.0.202007081208/tools/bin/../lib/gcc/arm-none-eabi/7.3.1/thumb/v7-m/crti.o
LOAD d:/embedded/st/stm32cubeide_1.4.0/stm32cubeide/plugins/com.st.stm32cube.ide.mcu.externaltools.gnu-tools-for-stm32.7-2018-q2-update.win32_1.4.0.202007081208/tools/bin/../lib/gcc/arm-none-eabi/7.3.1/thumb/v7-m/crtbegin.o
LOAD d:/embedded/st/stm32cubeide_1.4.0/stm32cubeide/plugins/com.st.stm32cube.ide.mcu.externaltools.gnu-tools-for-stm32.7-2018-q2-update.win32_1.4.0.202007081208/tools/bin/../lib/gcc/arm-none-eabi/7.3.1/../../../../arm-none-eabi/lib/thumb/v7-m/crt0.o
LOAD Core/Src/checksum.o
LOAD Core/Src/communication.o
LOAD Core/Src/esc.o
LOAD Core/Src/flash.o
LOAD Core/Src/main.o
LOAD Core/Src/stm32f1xx_hal_msp.o
LOAD Core/Src/stm32f1xx_it.o
LOAD Core/Src/syscalls.o
LOAD Core/Src/sysmem.o
LOAD Core/Src/system_stm32f1xx.o
LOAD Core/Startup/startup_stm32f103c6tx.o
LOAD Drivers/STM32F1xx_HAL_Driver/Src/stm32f1xx_hal.o
LOAD Drivers/STM32F1xx_HAL_Driver/Src/stm32f1xx_hal_cortex.o
LOAD Drivers/STM32F1xx_HAL_Driver/Src/stm32f1xx_hal_dma.o
LOAD Drivers/STM32F1xx_HAL_Driver/Src/stm32f1xx_hal_exti.o
LOAD Drivers/STM32F1xx_HAL_Driver/Src/stm32f1xx_hal_flash.o
LOAD Drivers/STM32F1xx_HAL_Driver/Src/stm32f1xx_hal_flash_ex.o
LOAD Drivers/STM32F1xx_HAL_Driver/Src/stm32f1xx_hal_gpio.o
LOAD Drivers/STM32F1xx_HAL_Driver/Src/stm32f1xx_hal_gpio_ex.o
LOAD Drivers/STM32F1xx_HAL_Driver/Src/stm32f1xx_hal_pwr.o
LOAD Drivers/STM32F1xx_HAL_Driver/Src/stm32f1xx_hal_rcc.o
LOAD Drivers/STM32F1xx_HAL_Driver/Src/stm32f1xx_hal_rcc_ex.o
LOAD Drivers/STM32F1xx_HAL_Driver/Src/stm32f1xx_hal_tim.o
LOAD Drivers/STM32F1xx_HAL_Driver/Src/stm32f1xx_hal_tim_ex.o
LOAD Drivers/STM32F1xx_HAL_Driver/Src/stm32f1xx_hal_uart.o
START GROUP
LOAD d:/embedded/st/stm32cubeide_1.4.0/stm32cubeide/plugins/com.st.stm32cube.ide.mcu.externaltools.gnu-tools-for-stm32.7-2018-q2-update.win32_1.4.0.202007081208/tools/bin/../lib/gcc/arm-none-eabi/7.3.1/../../../../arm-none-eabi/lib/thumb/v7-m\libc_nano.a
LOAD d:/embedded/st/stm32cubeide_1.4.0/stm32cubeide/plugins/com.st.stm32cube.ide.mcu.externaltools.gnu-tools-for-stm32.7-2018-q2-update.win32_1.4.0.202007081208/tools/bin/../lib/gcc/arm-none-eabi/7.3.1/../../../../arm-none-eabi/lib/thumb/v7-m\libm.a
END GROUP
START GROUP
LOAD d:/embedded/st/stm32cubeide_1.4.0/stm32cubeide/plugins/com.st.stm32cube.ide.mcu.externaltools.gnu-tools-for-stm32.7-2018-q2-update.win32_1.4.0.202007081208/tools/bin/../lib/gcc/arm-none-eabi/7.3.1/thumb/v7-m\libgcc.a
LOAD d:/embedded/st/stm32cubeide_1.4.0/stm32cubeide/plugins/com.st.stm32cube.ide.mcu.externaltools.gnu-tools-for-stm32.7-2018-q2-update.win32_1.4.0.202007081208/tools/bin/../lib/gcc/arm-none-eabi/7.3.1/../../../../arm-none-eabi/lib/thumb/v7-m\libc_nano.a
END GROUP
START GROUP
LOAD d:/embedded/st/stm32cubeide_1.4.0/stm32cubeide/plugins/com.st.stm32cube.ide.mcu.externaltools.gnu-tools-for-stm32.7-2018-q2-update.win32_1.4.0.202007081208/tools/bin/../lib/gcc/arm-none-eabi/7.3.1/thumb/v7-m\libgcc.a
LOAD d:/embedded/st/stm32cubeide_1.4.0/stm32cubeide/plugins/com.st.stm32cube.ide.mcu.externaltools.gnu-tools-for-stm32.7-2018-q2-update.win32_1.4.0.202007081208/tools/bin/../lib/gcc/arm-none-eabi/7.3.1/../../../../arm-none-eabi/lib/thumb/v7-m\libc_nano.a
LOAD d:/embedded/st/stm32cubeide_1.4.0/stm32cubeide/plugins/com.st.stm32cube.ide.mcu.externaltools.gnu-tools-for-stm32.7-2018-q2-update.win32_1.4.0.202007081208/tools/bin/../lib/gcc/arm-none-eabi/7.3.1/../../../../arm-none-eabi/lib/thumb/v7-m\libnosys.a
END GROUP
START GROUP
LOAD d:/embedded/st/stm32cubeide_1.4.0/stm32cubeide/plugins/com.st.stm32cube.ide.mcu.externaltools.gnu-tools-for-stm32.7-2018-q2-update.win32_1.4.0.202007081208/tools/bin/../lib/gcc/arm-none-eabi/7.3.1/thumb/v7-m\libgcc.a
LOAD d:/embedded/st/stm32cubeide_1.4.0/stm32cubeide/plugins/com.st.stm32cube.ide.mcu.externaltools.gnu-tools-for-stm32.7-2018-q2-update.win32_1.4.0.202007081208/tools/bin/../lib/gcc/arm-none-eabi/7.3.1/../../../../arm-none-eabi/lib/thumb/v7-m\libc_nano.a
LOAD d:/embedded/st/stm32cubeide_1.4.0/stm32cubeide/plugins/com.st.stm32cube.ide.mcu.externaltools.gnu-tools-for-stm32.7-2018-q2-update.win32_1.4.0.202007081208/tools/bin/../lib/gcc/arm-none-eabi/7.3.1/../../../../arm-none-eabi/lib/thumb/v7-m\libnosys.a
END GROUP
LOAD d:/embedded/st/stm32cubeide_1.4.0/stm32cubeide/plugins/com.st.stm32cube.ide.mcu.externaltools.gnu-tools-for-stm32.7-2018-q2-update.win32_1.4.0.202007081208/tools/bin/../lib/gcc/arm-none-eabi/7.3.1/thumb/v7-m/crtend.o
LOAD d:/embedded/st/stm32cubeide_1.4.0/stm32cubeide/plugins/com.st.stm32cube.ide.mcu.externaltools.gnu-tools-for-stm32.7-2018-q2-update.win32_1.4.0.202007081208/tools/bin/../lib/gcc/arm-none-eabi/7.3.1/thumb/v7-m/crtn.o
                0x0000000020002800                _estack = (ORIGIN (RAM) + LENGTH (RAM))
                0x0000000000000200                _Min_Heap_Size = 0x200
                0x0000000000000400                _Min_Stack_Size = 0x400

.isr_vector     0x0000000008000000      0x10c
                0x0000000008000000                . = ALIGN (0x4)
 *(.isr_vector)
 .isr_vector    0x0000000008000000      0x10c Core/Startup/startup_stm32f103c6tx.o
                0x0000000008000000                g_pfnVectors
                0x000000000800010c                . = ALIGN (0x4)

.text           0x000000000800010c     0x3214
                0x000000000800010c                . = ALIGN (0x4)
 *(.text)
 .text          0x000000000800010c       0x40 d:/embedded/st/stm32cubeide_1.4.0/stm32cubeide/plugins/com.st.stm32cube.ide.mcu.externaltools.gnu-tools-for-stm32.7-2018-q2-update.win32_1.4.0.202007081208/tools/bin/../lib/gcc/arm-none-eabi/7.3.1/thumb/v7-m/crtbegin.o
 *(.text*)
 .text.IsChecksumm8bCorrect
                0x000000000800014c       0x58 Core/Src/checksum.o
                0x000000000800014c                IsChecksumm8bCorrect
 .text.AddChecksumm8b
                0x00000000080001a4       0x4a Core/Src/checksum.o
                0x00000000080001a4                AddChecksumm8b
 .text.parse_normal_package
                0x00000000080001ee       0x4c Core/Src/communication.o
                0x00000000080001ee                parse_normal_package
 *fill*         0x000000000800023a        0x2 
 .text.normal_response
                0x000000000800023c       0x6c Core/Src/communication.o
                0x000000000800023c                normal_response
 .text.parse_device_package
                0x00000000080002a8       0x50 Core/Src/communication.o
                0x00000000080002a8                parse_device_package
 .text.device_response
                0x00000000080002f8       0x88 Core/Src/communication.o
                0x00000000080002f8                device_response
 .text.parse_config_package
                0x0000000008000380       0x4c Core/Src/communication.o
                0x0000000008000380                parse_config_package
 .text.update_esc_settings
                0x00000000080003cc       0x50 Core/Src/esc.o
                0x00000000080003cc                update_esc_settings
 .text.FLASH_WriteSettings
                0x000000000800041c       0x84 Core/Src/flash.o
                0x000000000800041c                FLASH_WriteSettings
 .text.main     0x00000000080004a0       0x70 Core/Src/main.o
                0x00000000080004a0                main
 .text.SystemClock_Config
                0x0000000008000510       0x76 Core/Src/main.o
                0x0000000008000510                SystemClock_Config
 *fill*         0x0000000008000586        0x2 
 .text.MX_TIM3_Init
                0x0000000008000588       0xec Core/Src/main.o
 .text.MX_USART2_UART_Init
                0x0000000008000674       0x54 Core/Src/main.o
 .text.MX_GPIO_Init
                0x00000000080006c8      0x110 Core/Src/main.o
 .text.Error_Handler
                0x00000000080007d8        0xc Core/Src/main.o
                0x00000000080007d8                Error_Handler
 .text.HAL_MspInit
                0x00000000080007e4       0x74 Core/Src/stm32f1xx_hal_msp.o
                0x00000000080007e4                HAL_MspInit
 .text.HAL_TIM_Base_MspInit
                0x0000000008000858       0x3c Core/Src/stm32f1xx_hal_msp.o
                0x0000000008000858                HAL_TIM_Base_MspInit
 .text.HAL_TIM_MspPostInit
                0x0000000008000894       0x64 Core/Src/stm32f1xx_hal_msp.o
                0x0000000008000894                HAL_TIM_MspPostInit
 .text.HAL_UART_MspInit
                0x00000000080008f8       0xa4 Core/Src/stm32f1xx_hal_msp.o
                0x00000000080008f8                HAL_UART_MspInit
 .text.NMI_Handler
                0x000000000800099c        0xc Core/Src/stm32f1xx_it.o
                0x000000000800099c                NMI_Handler
 .text.HardFault_Handler
                0x00000000080009a8        0x6 Core/Src/stm32f1xx_it.o
                0x00000000080009a8                HardFault_Handler
 .text.MemManage_Handler
                0x00000000080009ae        0x6 Core/Src/stm32f1xx_it.o
                0x00000000080009ae                MemManage_Handler
 .text.BusFault_Handler
                0x00000000080009b4        0x6 Core/Src/stm32f1xx_it.o
                0x00000000080009b4                BusFault_Handler
 .text.UsageFault_Handler
                0x00000000080009ba        0x6 Core/Src/stm32f1xx_it.o
                0x00000000080009ba                UsageFault_Handler
 .text.SVC_Handler
                0x00000000080009c0        0xc Core/Src/stm32f1xx_it.o
                0x00000000080009c0                SVC_Handler
 .text.DebugMon_Handler
                0x00000000080009cc        0xc Core/Src/stm32f1xx_it.o
                0x00000000080009cc                DebugMon_Handler
 .text.PendSV_Handler
                0x00000000080009d8        0xc Core/Src/stm32f1xx_it.o
                0x00000000080009d8                PendSV_Handler
 .text.SysTick_Handler
                0x00000000080009e4       0xdc Core/Src/stm32f1xx_it.o
                0x00000000080009e4                SysTick_Handler
 .text.RCC_IRQHandler
                0x0000000008000ac0        0xc Core/Src/stm32f1xx_it.o
                0x0000000008000ac0                RCC_IRQHandler
 .text.USART2_IRQHandler
                0x0000000008000acc       0x14 Core/Src/stm32f1xx_it.o
                0x0000000008000acc                USART2_IRQHandler
 .text.HAL_UART_RxCpltCallback
                0x0000000008000ae0      0x140 Core/Src/stm32f1xx_it.o
                0x0000000008000ae0                HAL_UART_RxCpltCallback
 .text.HAL_UART_TxCpltCallback
                0x0000000008000c20       0x20 Core/Src/stm32f1xx_it.o
                0x0000000008000c20                HAL_UART_TxCpltCallback
 .text.SystemInit
                0x0000000008000c40        0xc Core/Src/system_stm32f1xx.o
                0x0000000008000c40                SystemInit
 .text.Reset_Handler
                0x0000000008000c4c       0x48 Core/Startup/startup_stm32f103c6tx.o
                0x0000000008000c4c                Reset_Handler
 .text.Default_Handler
                0x0000000008000c94        0x2 Core/Startup/startup_stm32f103c6tx.o
                0x0000000008000c94                RTC_Alarm_IRQHandler
                0x0000000008000c94                EXTI2_IRQHandler
                0x0000000008000c94                TIM1_CC_IRQHandler
                0x0000000008000c94                PVD_IRQHandler
                0x0000000008000c94                EXTI3_IRQHandler
                0x0000000008000c94                EXTI0_IRQHandler
                0x0000000008000c94                ADC1_2_IRQHandler
                0x0000000008000c94                SPI1_IRQHandler
                0x0000000008000c94                TAMPER_IRQHandler
                0x0000000008000c94                DMA1_Channel4_IRQHandler
                0x0000000008000c94                RTC_IRQHandler
                0x0000000008000c94                DMA1_Channel7_IRQHandler
                0x0000000008000c94                CAN1_RX1_IRQHandler
                0x0000000008000c94                I2C1_EV_IRQHandler
                0x0000000008000c94                DMA1_Channel6_IRQHandler
                0x0000000008000c94                TIM3_IRQHandler
                0x0000000008000c94                TIM1_TRG_COM_IRQHandler
                0x0000000008000c94                DMA1_Channel1_IRQHandler
                0x0000000008000c94                Default_Handler
                0x0000000008000c94                EXTI15_10_IRQHandler
                0x0000000008000c94                EXTI9_5_IRQHandler
                0x0000000008000c94                DMA1_Channel5_IRQHandler
                0x0000000008000c94                EXTI4_IRQHandler
                0x0000000008000c94                USB_LP_CAN1_RX0_IRQHandler
                0x0000000008000c94                USB_HP_CAN1_TX_IRQHandler
                0x0000000008000c94                DMA1_Channel3_IRQHandler
                0x0000000008000c94                TIM1_UP_IRQHandler
                0x0000000008000c94                WWDG_IRQHandler
                0x0000000008000c94                TIM2_IRQHandler
                0x0000000008000c94                TIM1_BRK_IRQHandler
                0x0000000008000c94                EXTI1_IRQHandler
                0x0000000008000c94                DMA1_Channel2_IRQHandler
                0x0000000008000c94                CAN1_SCE_IRQHandler
                0x0000000008000c94                FLASH_IRQHandler
                0x0000000008000c94                USART1_IRQHandler
                0x0000000008000c94                I2C1_ER_IRQHandler
                0x0000000008000c94                USBWakeUp_IRQHandler
 *fill*         0x0000000008000c96        0x2 
 .text.HAL_Init
                0x0000000008000c98       0x2c Drivers/STM32F1xx_HAL_Driver/Src/stm32f1xx_hal.o
                0x0000000008000c98                HAL_Init
 .text.HAL_InitTick
                0x0000000008000cc4       0x60 Drivers/STM32F1xx_HAL_Driver/Src/stm32f1xx_hal.o
                0x0000000008000cc4                HAL_InitTick
 .text.HAL_IncTick
                0x0000000008000d24       0x24 Drivers/STM32F1xx_HAL_Driver/Src/stm32f1xx_hal.o
                0x0000000008000d24                HAL_IncTick
 .text.HAL_GetTick
                0x0000000008000d48       0x14 Drivers/STM32F1xx_HAL_Driver/Src/stm32f1xx_hal.o
                0x0000000008000d48                HAL_GetTick
 .text.HAL_Delay
                0x0000000008000d5c       0x44 Drivers/STM32F1xx_HAL_Driver/Src/stm32f1xx_hal.o
                0x0000000008000d5c                HAL_Delay
 .text.__NVIC_SetPriorityGrouping
                0x0000000008000da0       0x48 Drivers/STM32F1xx_HAL_Driver/Src/stm32f1xx_hal_cortex.o
 .text.__NVIC_GetPriorityGrouping
                0x0000000008000de8       0x1c Drivers/STM32F1xx_HAL_Driver/Src/stm32f1xx_hal_cortex.o
 .text.__NVIC_EnableIRQ
                0x0000000008000e04       0x38 Drivers/STM32F1xx_HAL_Driver/Src/stm32f1xx_hal_cortex.o
 .text.__NVIC_SetPriority
                0x0000000008000e3c       0x54 Drivers/STM32F1xx_HAL_Driver/Src/stm32f1xx_hal_cortex.o
 .text.NVIC_EncodePriority
                0x0000000008000e90       0x64 Drivers/STM32F1xx_HAL_Driver/Src/stm32f1xx_hal_cortex.o
 .text.SysTick_Config
                0x0000000008000ef4       0x44 Drivers/STM32F1xx_HAL_Driver/Src/stm32f1xx_hal_cortex.o
 .text.HAL_NVIC_SetPriorityGrouping
                0x0000000008000f38       0x16 Drivers/STM32F1xx_HAL_Driver/Src/stm32f1xx_hal_cortex.o
                0x0000000008000f38                HAL_NVIC_SetPriorityGrouping
 .text.HAL_NVIC_SetPriority
                0x0000000008000f4e       0x38 Drivers/STM32F1xx_HAL_Driver/Src/stm32f1xx_hal_cortex.o
                0x0000000008000f4e                HAL_NVIC_SetPriority
 .text.HAL_NVIC_EnableIRQ
                0x0000000008000f86       0x1c Drivers/STM32F1xx_HAL_Driver/Src/stm32f1xx_hal_cortex.o
                0x0000000008000f86                HAL_NVIC_EnableIRQ
 .text.HAL_SYSTICK_Config
                0x0000000008000fa2       0x18 Drivers/STM32F1xx_HAL_Driver/Src/stm32f1xx_hal_cortex.o
                0x0000000008000fa2                HAL_SYSTICK_Config
 *fill*         0x0000000008000fba        0x2 
 .text.HAL_DMA_Abort_IT
                0x0000000008000fbc       0xec Drivers/STM32F1xx_HAL_Driver/Src/stm32f1xx_hal_dma.o
                0x0000000008000fbc                HAL_DMA_Abort_IT
 .text.HAL_FLASH_Program
                0x00000000080010a8       0xe0 Drivers/STM32F1xx_HAL_Driver/Src/stm32f1xx_hal_flash.o
                0x00000000080010a8                HAL_FLASH_Program
 .text.HAL_FLASH_Unlock
                0x0000000008001188       0x4c Drivers/STM32F1xx_HAL_Driver/Src/stm32f1xx_hal_flash.o
                0x0000000008001188                HAL_FLASH_Unlock
 .text.HAL_FLASH_Lock
                0x00000000080011d4       0x20 Drivers/STM32F1xx_HAL_Driver/Src/stm32f1xx_hal_flash.o
                0x00000000080011d4                HAL_FLASH_Lock
 .text.FLASH_Program_HalfWord
                0x00000000080011f4       0x38 Drivers/STM32F1xx_HAL_Driver/Src/stm32f1xx_hal_flash.o
 .text.FLASH_WaitForLastOperation
                0x000000000800122c       0x8c Drivers/STM32F1xx_HAL_Driver/Src/stm32f1xx_hal_flash.o
                0x000000000800122c                FLASH_WaitForLastOperation
 .text.FLASH_SetErrorCode
                0x00000000080012b8       0xa0 Drivers/STM32F1xx_HAL_Driver/Src/stm32f1xx_hal_flash.o
 .text.HAL_FLASHEx_Erase
                0x0000000008001358       0xd8 Drivers/STM32F1xx_HAL_Driver/Src/stm32f1xx_hal_flash_ex.o
                0x0000000008001358                HAL_FLASHEx_Erase
 .text.FLASH_MassErase
                0x0000000008001430       0x38 Drivers/STM32F1xx_HAL_Driver/Src/stm32f1xx_hal_flash_ex.o
 .text.FLASH_PageErase
                0x0000000008001468       0x40 Drivers/STM32F1xx_HAL_Driver/Src/stm32f1xx_hal_flash_ex.o
                0x0000000008001468                FLASH_PageErase
 .text.HAL_GPIO_Init
                0x00000000080014a8      0x2a4 Drivers/STM32F1xx_HAL_Driver/Src/stm32f1xx_hal_gpio.o
                0x00000000080014a8                HAL_GPIO_Init
 .text.HAL_GPIO_ReadPin
                0x000000000800174c       0x2e Drivers/STM32F1xx_HAL_Driver/Src/stm32f1xx_hal_gpio.o
                0x000000000800174c                HAL_GPIO_ReadPin
 .text.HAL_GPIO_WritePin
                0x000000000800177a       0x30 Drivers/STM32F1xx_HAL_Driver/Src/stm32f1xx_hal_gpio.o
                0x000000000800177a                HAL_GPIO_WritePin
 .text.HAL_GPIO_TogglePin
                0x00000000080017aa       0x32 Drivers/STM32F1xx_HAL_Driver/Src/stm32f1xx_hal_gpio.o
                0x00000000080017aa                HAL_GPIO_TogglePin
 .text.HAL_RCC_OscConfig
                0x00000000080017dc      0x500 Drivers/STM32F1xx_HAL_Driver/Src/stm32f1xx_hal_rcc.o
                0x00000000080017dc                HAL_RCC_OscConfig
 .text.HAL_RCC_ClockConfig
                0x0000000008001cdc      0x1d4 Drivers/STM32F1xx_HAL_Driver/Src/stm32f1xx_hal_rcc.o
                0x0000000008001cdc                HAL_RCC_ClockConfig
 .text.HAL_RCC_GetSysClockFreq
                0x0000000008001eb0       0xc4 Drivers/STM32F1xx_HAL_Driver/Src/stm32f1xx_hal_rcc.o
                0x0000000008001eb0                HAL_RCC_GetSysClockFreq
 .text.HAL_RCC_GetHCLKFreq
                0x0000000008001f74       0x14 Drivers/STM32F1xx_HAL_Driver/Src/stm32f1xx_hal_rcc.o
                0x0000000008001f74                HAL_RCC_GetHCLKFreq
 .text.HAL_RCC_GetPCLK1Freq
                0x0000000008001f88       0x28 Drivers/STM32F1xx_HAL_Driver/Src/stm32f1xx_hal_rcc.o
                0x0000000008001f88                HAL_RCC_GetPCLK1Freq
 .text.HAL_RCC_GetPCLK2Freq
                0x0000000008001fb0       0x28 Drivers/STM32F1xx_HAL_Driver/Src/stm32f1xx_hal_rcc.o
                0x0000000008001fb0                HAL_RCC_GetPCLK2Freq
 .text.RCC_Delay
                0x0000000008001fd8       0x3c Drivers/STM32F1xx_HAL_Driver/Src/stm32f1xx_hal_rcc.o
 .text.HAL_TIM_Base_Init
                0x0000000008002014       0x9e Drivers/STM32F1xx_HAL_Driver/Src/stm32f1xx_hal_tim.o
                0x0000000008002014                HAL_TIM_Base_Init
 .text.HAL_TIM_PWM_Init
                0x00000000080020b2       0x9e Drivers/STM32F1xx_HAL_Driver/Src/stm32f1xx_hal_tim.o
                0x00000000080020b2                HAL_TIM_PWM_Init
 .text.HAL_TIM_PWM_MspInit
                0x0000000008002150       0x12 Drivers/STM32F1xx_HAL_Driver/Src/stm32f1xx_hal_tim.o
                0x0000000008002150                HAL_TIM_PWM_MspInit
 *fill*         0x0000000008002162        0x2 
 .text.HAL_TIM_PWM_Start
                0x0000000008002164      0x138 Drivers/STM32F1xx_HAL_Driver/Src/stm32f1xx_hal_tim.o
                0x0000000008002164                HAL_TIM_PWM_Start
 .text.HAL_TIM_PWM_ConfigChannel
                0x000000000800229c      0x17c Drivers/STM32F1xx_HAL_Driver/Src/stm32f1xx_hal_tim.o
                0x000000000800229c                HAL_TIM_PWM_ConfigChannel
 .text.HAL_TIM_ConfigClockSource
                0x0000000008002418      0x16e Drivers/STM32F1xx_HAL_Driver/Src/stm32f1xx_hal_tim.o
                0x0000000008002418                HAL_TIM_ConfigClockSource
 *fill*         0x0000000008002586        0x2 
 .text.TIM_Base_SetConfig
                0x0000000008002588       0xb0 Drivers/STM32F1xx_HAL_Driver/Src/stm32f1xx_hal_tim.o
                0x0000000008002588                TIM_Base_SetConfig
 .text.TIM_OC1_SetConfig
                0x0000000008002638       0xcc Drivers/STM32F1xx_HAL_Driver/Src/stm32f1xx_hal_tim.o
 .text.TIM_OC2_SetConfig
                0x0000000008002704       0xd4 Drivers/STM32F1xx_HAL_Driver/Src/stm32f1xx_hal_tim.o
                0x0000000008002704                TIM_OC2_SetConfig
 .text.TIM_OC3_SetConfig
                0x00000000080027d8       0xd4 Drivers/STM32F1xx_HAL_Driver/Src/stm32f1xx_hal_tim.o
 .text.TIM_OC4_SetConfig
                0x00000000080028ac       0x9c Drivers/STM32F1xx_HAL_Driver/Src/stm32f1xx_hal_tim.o
 .text.TIM_TI1_ConfigInputStage
                0x0000000008002948       0x5c Drivers/STM32F1xx_HAL_Driver/Src/stm32f1xx_hal_tim.o
 .text.TIM_TI2_ConfigInputStage
                0x00000000080029a4       0x5e Drivers/STM32F1xx_HAL_Driver/Src/stm32f1xx_hal_tim.o
 .text.TIM_ITRx_SetConfig
                0x0000000008002a02       0x34 Drivers/STM32F1xx_HAL_Driver/Src/stm32f1xx_hal_tim.o
 .text.TIM_ETR_SetConfig
                0x0000000008002a36       0x3e Drivers/STM32F1xx_HAL_Driver/Src/stm32f1xx_hal_tim.o
                0x0000000008002a36                TIM_ETR_SetConfig
 .text.TIM_CCxChannelCmd
                0x0000000008002a74       0x48 Drivers/STM32F1xx_HAL_Driver/Src/stm32f1xx_hal_tim.o
                0x0000000008002a74                TIM_CCxChannelCmd
 .text.HAL_TIMEx_MasterConfigSynchronization
                0x0000000008002abc       0xb0 Drivers/STM32F1xx_HAL_Driver/Src/stm32f1xx_hal_tim_ex.o
                0x0000000008002abc                HAL_TIMEx_MasterConfigSynchronization
 .text.HAL_UART_Init
                0x0000000008002b6c       0x9a Drivers/STM32F1xx_HAL_Driver/Src/stm32f1xx_hal_uart.o
                0x0000000008002b6c                HAL_UART_Init
 .text.HAL_UART_Transmit_IT
                0x0000000008002c06       0x88 Drivers/STM32F1xx_HAL_Driver/Src/stm32f1xx_hal_uart.o
                0x0000000008002c06                HAL_UART_Transmit_IT
 .text.HAL_UART_Receive_IT
                0x0000000008002c8e       0xa8 Drivers/STM32F1xx_HAL_Driver/Src/stm32f1xx_hal_uart.o
                0x0000000008002c8e                HAL_UART_Receive_IT
 *fill*         0x0000000008002d36        0x2 
 .text.HAL_UART_IRQHandler
                0x0000000008002d38      0x200 Drivers/STM32F1xx_HAL_Driver/Src/stm32f1xx_hal_uart.o
                0x0000000008002d38                HAL_UART_IRQHandler
 .text.HAL_UART_ErrorCallback
                0x0000000008002f38       0x12 Drivers/STM32F1xx_HAL_Driver/Src/stm32f1xx_hal_uart.o
                0x0000000008002f38                HAL_UART_ErrorCallback
 .text.UART_EndRxTransfer
                0x0000000008002f4a       0x3a Drivers/STM32F1xx_HAL_Driver/Src/stm32f1xx_hal_uart.o
 .text.UART_DMAAbortOnError
                0x0000000008002f84       0x28 Drivers/STM32F1xx_HAL_Driver/Src/stm32f1xx_hal_uart.o
 .text.UART_Transmit_IT
                0x0000000008002fac       0x9e Drivers/STM32F1xx_HAL_Driver/Src/stm32f1xx_hal_uart.o
 .text.UART_EndTransmit_IT
                0x000000000800304a       0x30 Drivers/STM32F1xx_HAL_Driver/Src/stm32f1xx_hal_uart.o
 .text.UART_Receive_IT
                0x000000000800307a      0x100 Drivers/STM32F1xx_HAL_Driver/Src/stm32f1xx_hal_uart.o
 *fill*         0x000000000800317a        0x2 
 .text.UART_SetConfig
                0x000000000800317c      0x11c Drivers/STM32F1xx_HAL_Driver/Src/stm32f1xx_hal_uart.o
 .text.__libc_init_array
                0x0000000008003298       0x48 d:/embedded/st/stm32cubeide_1.4.0/stm32cubeide/plugins/com.st.stm32cube.ide.mcu.externaltools.gnu-tools-for-stm32.7-2018-q2-update.win32_1.4.0.202007081208/tools/bin/../lib/gcc/arm-none-eabi/7.3.1/../../../../arm-none-eabi/lib/thumb/v7-m\libc_nano.a(lib_a-init.o)
                0x0000000008003298                __libc_init_array
 .text.memcpy   0x00000000080032e0       0x16 d:/embedded/st/stm32cubeide_1.4.0/stm32cubeide/plugins/com.st.stm32cube.ide.mcu.externaltools.gnu-tools-for-stm32.7-2018-q2-update.win32_1.4.0.202007081208/tools/bin/../lib/gcc/arm-none-eabi/7.3.1/../../../../arm-none-eabi/lib/thumb/v7-m\libc_nano.a(lib_a-memcpy-stub.o)
                0x00000000080032e0                memcpy
 .text.memset   0x00000000080032f6       0x10 d:/embedded/st/stm32cubeide_1.4.0/stm32cubeide/plugins/com.st.stm32cube.ide.mcu.externaltools.gnu-tools-for-stm32.7-2018-q2-update.win32_1.4.0.202007081208/tools/bin/../lib/gcc/arm-none-eabi/7.3.1/../../../../arm-none-eabi/lib/thumb/v7-m\libc_nano.a(lib_a-memset.o)
                0x00000000080032f6                memset
 *(.glue_7)
 .glue_7        0x0000000008003306        0x0 linker stubs
 *(.glue_7t)
 .glue_7t       0x0000000008003306        0x0 linker stubs
 *(.eh_frame)
 *fill*         0x0000000008003306        0x2 
 .eh_frame      0x0000000008003308        0x0 d:/embedded/st/stm32cubeide_1.4.0/stm32cubeide/plugins/com.st.stm32cube.ide.mcu.externaltools.gnu-tools-for-stm32.7-2018-q2-update.win32_1.4.0.202007081208/tools/bin/../lib/gcc/arm-none-eabi/7.3.1/thumb/v7-m/crtbegin.o
 *(.init)
 .init          0x0000000008003308        0x4 d:/embedded/st/stm32cubeide_1.4.0/stm32cubeide/plugins/com.st.stm32cube.ide.mcu.externaltools.gnu-tools-for-stm32.7-2018-q2-update.win32_1.4.0.202007081208/tools/bin/../lib/gcc/arm-none-eabi/7.3.1/thumb/v7-m/crti.o
                0x0000000008003308                _init
 .init          0x000000000800330c        0x8 d:/embedded/st/stm32cubeide_1.4.0/stm32cubeide/plugins/com.st.stm32cube.ide.mcu.externaltools.gnu-tools-for-stm32.7-2018-q2-update.win32_1.4.0.202007081208/tools/bin/../lib/gcc/arm-none-eabi/7.3.1/thumb/v7-m/crtn.o
 *(.fini)
 .fini          0x0000000008003314        0x4 d:/embedded/st/stm32cubeide_1.4.0/stm32cubeide/plugins/com.st.stm32cube.ide.mcu.externaltools.gnu-tools-for-stm32.7-2018-q2-update.win32_1.4.0.202007081208/tools/bin/../lib/gcc/arm-none-eabi/7.3.1/thumb/v7-m/crti.o
                0x0000000008003314                _fini
 .fini          0x0000000008003318        0x8 d:/embedded/st/stm32cubeide_1.4.0/stm32cubeide/plugins/com.st.stm32cube.ide.mcu.externaltools.gnu-tools-for-stm32.7-2018-q2-update.win32_1.4.0.202007081208/tools/bin/../lib/gcc/arm-none-eabi/7.3.1/thumb/v7-m/crtn.o
                0x0000000008003320                . = ALIGN (0x4)
                0x0000000008003320                _etext = .

.vfp11_veneer   0x0000000008003320        0x0
 .vfp11_veneer  0x0000000008003320        0x0 linker stubs

.v4_bx          0x0000000008003320        0x0
 .v4_bx         0x0000000008003320        0x0 linker stubs

.iplt           0x0000000008003320        0x0
 .iplt          0x0000000008003320        0x0 d:/embedded/st/stm32cubeide_1.4.0/stm32cubeide/plugins/com.st.stm32cube.ide.mcu.externaltools.gnu-tools-for-stm32.7-2018-q2-update.win32_1.4.0.202007081208/tools/bin/../lib/gcc/arm-none-eabi/7.3.1/thumb/v7-m/crtbegin.o

.rodata         0x0000000008003320       0x2c
                0x0000000008003320                . = ALIGN (0x4)
 *(.rodata)
 .rodata        0x0000000008003320       0x12 Drivers/STM32F1xx_HAL_Driver/Src/stm32f1xx_hal_rcc.o
 *(.rodata*)
 *fill*         0x0000000008003332        0x2 
 .rodata.AHBPrescTable
                0x0000000008003334       0x10 Core/Src/system_stm32f1xx.o
                0x0000000008003334                AHBPrescTable
 .rodata.APBPrescTable
                0x0000000008003344        0x8 Core/Src/system_stm32f1xx.o
                0x0000000008003344                APBPrescTable
                0x000000000800334c                . = ALIGN (0x4)

.rel.dyn        0x000000000800334c        0x0
 .rel.iplt      0x000000000800334c        0x0 d:/embedded/st/stm32cubeide_1.4.0/stm32cubeide/plugins/com.st.stm32cube.ide.mcu.externaltools.gnu-tools-for-stm32.7-2018-q2-update.win32_1.4.0.202007081208/tools/bin/../lib/gcc/arm-none-eabi/7.3.1/thumb/v7-m/crtbegin.o

.ARM.extab      0x000000000800334c        0x0
                0x000000000800334c                . = ALIGN (0x4)
 *(.ARM.extab* .gnu.linkonce.armextab.*)
                0x000000000800334c                . = ALIGN (0x4)

.ARM            0x000000000800334c        0x0
                0x000000000800334c                . = ALIGN (0x4)
                0x000000000800334c                __exidx_start = .
 *(.ARM.exidx*)
                0x000000000800334c                __exidx_end = .
                0x000000000800334c                . = ALIGN (0x4)

.preinit_array  0x000000000800334c        0x0
                0x000000000800334c                . = ALIGN (0x4)
                0x000000000800334c                PROVIDE (__preinit_array_start = .)
 *(.preinit_array*)
                0x000000000800334c                PROVIDE (__preinit_array_end = .)
                0x000000000800334c                . = ALIGN (0x4)

.init_array     0x000000000800334c        0x4
                0x000000000800334c                . = ALIGN (0x4)
                0x000000000800334c                PROVIDE (__init_array_start = .)
 *(SORT_BY_NAME(.init_array.*))
 *(.init_array*)
 .init_array    0x000000000800334c        0x4 d:/embedded/st/stm32cubeide_1.4.0/stm32cubeide/plugins/com.st.stm32cube.ide.mcu.externaltools.gnu-tools-for-stm32.7-2018-q2-update.win32_1.4.0.202007081208/tools/bin/../lib/gcc/arm-none-eabi/7.3.1/thumb/v7-m/crtbegin.o
                0x0000000008003350                PROVIDE (__init_array_end = .)
                0x0000000008003350                . = ALIGN (0x4)

.fini_array     0x0000000008003350        0x4
                0x0000000008003350                . = ALIGN (0x4)
                [!provide]                        PROVIDE (__fini_array_start = .)
 *(SORT_BY_NAME(.fini_array.*))
 *(.fini_array*)
 .fini_array    0x0000000008003350        0x4 d:/embedded/st/stm32cubeide_1.4.0/stm32cubeide/plugins/com.st.stm32cube.ide.mcu.externaltools.gnu-tools-for-stm32.7-2018-q2-update.win32_1.4.0.202007081208/tools/bin/../lib/gcc/arm-none-eabi/7.3.1/thumb/v7-m/crtbegin.o
                [!provide]                        PROVIDE (__fini_array_end = .)
                0x0000000008003354                . = ALIGN (0x4)
                0x0000000008003354                _sidata = LOADADDR (.data)

.data           0x0000000020000000        0xc load address 0x0000000008003354
                0x0000000020000000                . = ALIGN (0x4)
                0x0000000020000000                _sdata = .
 *(.data)
 *(.data*)
 .data.SystemCoreClock
                0x0000000020000000        0x4 Core/Src/system_stm32f1xx.o
                0x0000000020000000                SystemCoreClock
 .data.uwTickPrio
                0x0000000020000004        0x4 Drivers/STM32F1xx_HAL_Driver/Src/stm32f1xx_hal.o
                0x0000000020000004                uwTickPrio
 .data.uwTickFreq
                0x0000000020000008        0x1 Drivers/STM32F1xx_HAL_Driver/Src/stm32f1xx_hal.o
                0x0000000020000008                uwTickFreq
                0x000000002000000c                . = ALIGN (0x4)
 *fill*         0x0000000020000009        0x3 
                0x000000002000000c                _edata = .

.igot.plt       0x000000002000000c        0x0 load address 0x0000000008003360
 .igot.plt      0x000000002000000c        0x0 d:/embedded/st/stm32cubeide_1.4.0/stm32cubeide/plugins/com.st.stm32cube.ide.mcu.externaltools.gnu-tools-for-stm32.7-2018-q2-update.win32_1.4.0.202007081208/tools/bin/../lib/gcc/arm-none-eabi/7.3.1/thumb/v7-m/crtbegin.o
                0x000000002000000c                . = ALIGN (0x4)

.bss            0x0000000020000010       0xf8 load address 0x0000000008003360
                0x0000000020000010                _sbss = .
                0x0000000020000010                __bss_start__ = _sbss
 *(.bss)
 .bss           0x0000000020000010       0x1c d:/embedded/st/stm32cubeide_1.4.0/stm32cubeide/plugins/com.st.stm32cube.ide.mcu.externaltools.gnu-tools-for-stm32.7-2018-q2-update.win32_1.4.0.202007081208/tools/bin/../lib/gcc/arm-none-eabi/7.3.1/thumb/v7-m/crtbegin.o
 *(.bss*)
 .bss.tx_array  0x000000002000002c        0xa Core/Src/communication.o
                0x000000002000002c                tx_array
 .bss.rx_flag   0x0000000020000036        0x1 Core/Src/main.o
                0x0000000020000036                rx_flag
 *fill*         0x0000000020000037        0x1 
 .bss.rx_array  0x0000000020000038       0x14 Core/Src/main.o
                0x0000000020000038                rx_array
 *(COMMON)
 COMMON         0x000000002000004c        0x2 Core/Src/esc.o
                0x000000002000004c                esc_struct
 *fill*         0x000000002000004e        0x2 
 COMMON         0x0000000020000050       0x88 Core/Src/main.o
                0x0000000020000050                htim3
                0x0000000020000098                huart2
 COMMON         0x00000000200000d8        0x8 Core/Src/stm32f1xx_it.o
                0x00000000200000d8                k
                0x00000000200000dc                keys
 COMMON         0x00000000200000e0        0x4 Drivers/STM32F1xx_HAL_Driver/Src/stm32f1xx_hal.o
                0x00000000200000e0                uwTick
 *fill*         0x00000000200000e4        0x4 
 COMMON         0x00000000200000e8       0x20 Drivers/STM32F1xx_HAL_Driver/Src/stm32f1xx_hal_flash.o
                0x00000000200000e8                pFlash
                0x0000000020000108                . = ALIGN (0x4)
                0x0000000020000108                _ebss = .
                0x0000000020000108                __bss_end__ = _ebss

._user_heap_stack
                0x0000000020000108      0x600 load address 0x0000000008003360
                0x0000000020000108                . = ALIGN (0x8)
                [!provide]                        PROVIDE (end = .)
                0x0000000020000108                PROVIDE (_end = .)
                0x0000000020000308                . = (. + _Min_Heap_Size)
 *fill*         0x0000000020000108      0x200 
                0x0000000020000708                . = (. + _Min_Stack_Size)
 *fill*         0x0000000020000308      0x400 
                0x0000000020000708                . = ALIGN (0x8)

/DISCARD/
 libc.a(*)
 libm.a(*)
 libgcc.a(*)

.ARM.attributes
                0x0000000000000000       0x29
 *(.ARM.attributes)
 .ARM.attributes
                0x0000000000000000       0x1d d:/embedded/st/stm32cubeide_1.4.0/stm32cubeide/plugins/com.st.stm32cube.ide.mcu.externaltools.gnu-tools-for-stm32.7-2018-q2-update.win32_1.4.0.202007081208/tools/bin/../lib/gcc/arm-none-eabi/7.3.1/thumb/v7-m/crti.o
 .ARM.attributes
                0x000000000000001d       0x2d d:/embedded/st/stm32cubeide_1.4.0/stm32cubeide/plugins/com.st.stm32cube.ide.mcu.externaltools.gnu-tools-for-stm32.7-2018-q2-update.win32_1.4.0.202007081208/tools/bin/../lib/gcc/arm-none-eabi/7.3.1/thumb/v7-m/crtbegin.o
 .ARM.attributes
                0x000000000000004a       0x33 Core/Src/checksum.o
 .ARM.attributes
                0x000000000000007d       0x33 Core/Src/communication.o
 .ARM.attributes
                0x00000000000000b0       0x33 Core/Src/esc.o
 .ARM.attributes
                0x00000000000000e3       0x33 Core/Src/flash.o
 .ARM.attributes
                0x0000000000000116       0x33 Core/Src/main.o
 .ARM.attributes
                0x0000000000000149       0x33 Core/Src/stm32f1xx_hal_msp.o
 .ARM.attributes
                0x000000000000017c       0x33 Core/Src/stm32f1xx_it.o
 .ARM.attributes
                0x00000000000001af       0x33 Core/Src/system_stm32f1xx.o
 .ARM.attributes
                0x00000000000001e2       0x21 Core/Startup/startup_stm32f103c6tx.o
 .ARM.attributes
                0x0000000000000203       0x33 Drivers/STM32F1xx_HAL_Driver/Src/stm32f1xx_hal.o
 .ARM.attributes
                0x0000000000000236       0x33 Drivers/STM32F1xx_HAL_Driver/Src/stm32f1xx_hal_cortex.o
 .ARM.attributes
                0x0000000000000269       0x33 Drivers/STM32F1xx_HAL_Driver/Src/stm32f1xx_hal_dma.o
 .ARM.attributes
                0x000000000000029c       0x33 Drivers/STM32F1xx_HAL_Driver/Src/stm32f1xx_hal_flash.o
 .ARM.attributes
                0x00000000000002cf       0x33 Drivers/STM32F1xx_HAL_Driver/Src/stm32f1xx_hal_flash_ex.o
 .ARM.attributes
                0x0000000000000302       0x33 Drivers/STM32F1xx_HAL_Driver/Src/stm32f1xx_hal_gpio.o
 .ARM.attributes
                0x0000000000000335       0x33 Drivers/STM32F1xx_HAL_Driver/Src/stm32f1xx_hal_rcc.o
 .ARM.attributes
                0x0000000000000368       0x33 Drivers/STM32F1xx_HAL_Driver/Src/stm32f1xx_hal_tim.o
 .ARM.attributes
                0x000000000000039b       0x33 Drivers/STM32F1xx_HAL_Driver/Src/stm32f1xx_hal_tim_ex.o
 .ARM.attributes
                0x00000000000003ce       0x33 Drivers/STM32F1xx_HAL_Driver/Src/stm32f1xx_hal_uart.o
 .ARM.attributes
                0x0000000000000401       0x2d d:/embedded/st/stm32cubeide_1.4.0/stm32cubeide/plugins/com.st.stm32cube.ide.mcu.externaltools.gnu-tools-for-stm32.7-2018-q2-update.win32_1.4.0.202007081208/tools/bin/../lib/gcc/arm-none-eabi/7.3.1/../../../../arm-none-eabi/lib/thumb/v7-m\libc_nano.a(lib_a-init.o)
 .ARM.attributes
                0x000000000000042e       0x2d d:/embedded/st/stm32cubeide_1.4.0/stm32cubeide/plugins/com.st.stm32cube.ide.mcu.externaltools.gnu-tools-for-stm32.7-2018-q2-update.win32_1.4.0.202007081208/tools/bin/../lib/gcc/arm-none-eabi/7.3.1/../../../../arm-none-eabi/lib/thumb/v7-m\libc_nano.a(lib_a-memcpy-stub.o)
 .ARM.attributes
                0x000000000000045b       0x2d d:/embedded/st/stm32cubeide_1.4.0/stm32cubeide/plugins/com.st.stm32cube.ide.mcu.externaltools.gnu-tools-for-stm32.7-2018-q2-update.win32_1.4.0.202007081208/tools/bin/../lib/gcc/arm-none-eabi/7.3.1/../../../../arm-none-eabi/lib/thumb/v7-m\libc_nano.a(lib_a-memset.o)
 .ARM.attributes
                0x0000000000000488       0x1d d:/embedded/st/stm32cubeide_1.4.0/stm32cubeide/plugins/com.st.stm32cube.ide.mcu.externaltools.gnu-tools-for-stm32.7-2018-q2-update.win32_1.4.0.202007081208/tools/bin/../lib/gcc/arm-none-eabi/7.3.1/thumb/v7-m/crtn.o
OUTPUT(b_controller-master.elf elf32-littlearm)

.debug_info     0x0000000000000000     0xc673
 .debug_info    0x0000000000000000      0x41e Core/Src/checksum.o
 .debug_info    0x000000000000041e     0x129d Core/Src/communication.o
 .debug_info    0x00000000000016bb      0x313 Core/Src/esc.o
 .debug_info    0x00000000000019ce      0x327 Core/Src/flash.o
 .debug_info    0x0000000000001cf5      0xdf2 Core/Src/main.o
 .debug_info    0x0000000000002ae7      0xd1c Core/Src/stm32f1xx_hal_msp.o
 .debug_info    0x0000000000003803      0x846 Core/Src/stm32f1xx_it.o
 .debug_info    0x0000000000004049      0x29a Core/Src/system_stm32f1xx.o
 .debug_info    0x00000000000042e3       0x22 Core/Startup/startup_stm32f103c6tx.o
 .debug_info    0x0000000000004305      0x6f6 Drivers/STM32F1xx_HAL_Driver/Src/stm32f1xx_hal.o
 .debug_info    0x00000000000049fb      0xb33 Drivers/STM32F1xx_HAL_Driver/Src/stm32f1xx_hal_cortex.o
 .debug_info    0x000000000000552e      0x7b1 Drivers/STM32F1xx_HAL_Driver/Src/stm32f1xx_hal_dma.o
 .debug_info    0x0000000000005cdf      0x5a4 Drivers/STM32F1xx_HAL_Driver/Src/stm32f1xx_hal_flash.o
 .debug_info    0x0000000000006283      0x7cd Drivers/STM32F1xx_HAL_Driver/Src/stm32f1xx_hal_flash_ex.o
 .debug_info    0x0000000000006a50      0x69b Drivers/STM32F1xx_HAL_Driver/Src/stm32f1xx_hal_gpio.o
 .debug_info    0x00000000000070eb      0x80f Drivers/STM32F1xx_HAL_Driver/Src/stm32f1xx_hal_rcc.o
 .debug_info    0x00000000000078fa     0x27ef Drivers/STM32F1xx_HAL_Driver/Src/stm32f1xx_hal_tim.o
 .debug_info    0x000000000000a0e9     0x136f Drivers/STM32F1xx_HAL_Driver/Src/stm32f1xx_hal_tim_ex.o
 .debug_info    0x000000000000b458     0x121b Drivers/STM32F1xx_HAL_Driver/Src/stm32f1xx_hal_uart.o

.debug_abbrev   0x0000000000000000     0x2221
 .debug_abbrev  0x0000000000000000      0x134 Core/Src/checksum.o
 .debug_abbrev  0x0000000000000134      0x23f Core/Src/communication.o
 .debug_abbrev  0x0000000000000373      0x12d Core/Src/esc.o
 .debug_abbrev  0x00000000000004a0      0x123 Core/Src/flash.o
 .debug_abbrev  0x00000000000005c3      0x1f0 Core/Src/main.o
 .debug_abbrev  0x00000000000007b3      0x1c0 Core/Src/stm32f1xx_hal_msp.o
 .debug_abbrev  0x0000000000000973      0x1f8 Core/Src/stm32f1xx_it.o
 .debug_abbrev  0x0000000000000b6b      0x134 Core/Src/system_stm32f1xx.o
 .debug_abbrev  0x0000000000000c9f       0x12 Core/Startup/startup_stm32f103c6tx.o
 .debug_abbrev  0x0000000000000cb1      0x1c7 Drivers/STM32F1xx_HAL_Driver/Src/stm32f1xx_hal.o
 .debug_abbrev  0x0000000000000e78      0x2d5 Drivers/STM32F1xx_HAL_Driver/Src/stm32f1xx_hal_cortex.o
 .debug_abbrev  0x000000000000114d      0x1fe Drivers/STM32F1xx_HAL_Driver/Src/stm32f1xx_hal_dma.o
 .debug_abbrev  0x000000000000134b      0x210 Drivers/STM32F1xx_HAL_Driver/Src/stm32f1xx_hal_flash.o
 .debug_abbrev  0x000000000000155b      0x21b Drivers/STM32F1xx_HAL_Driver/Src/stm32f1xx_hal_flash_ex.o
 .debug_abbrev  0x0000000000001776      0x1c0 Drivers/STM32F1xx_HAL_Driver/Src/stm32f1xx_hal_gpio.o
 .debug_abbrev  0x0000000000001936      0x243 Drivers/STM32F1xx_HAL_Driver/Src/stm32f1xx_hal_rcc.o
 .debug_abbrev  0x0000000000001b79      0x230 Drivers/STM32F1xx_HAL_Driver/Src/stm32f1xx_hal_tim.o
 .debug_abbrev  0x0000000000001da9      0x236 Drivers/STM32F1xx_HAL_Driver/Src/stm32f1xx_hal_tim_ex.o
 .debug_abbrev  0x0000000000001fdf      0x242 Drivers/STM32F1xx_HAL_Driver/Src/stm32f1xx_hal_uart.o

.debug_aranges  0x0000000000000000      0xda8
 .debug_aranges
                0x0000000000000000       0x50 Core/Src/checksum.o
 .debug_aranges
                0x0000000000000050       0x40 Core/Src/communication.o
 .debug_aranges
                0x0000000000000090       0x20 Core/Src/esc.o
 .debug_aranges
                0x00000000000000b0       0x28 Core/Src/flash.o
 .debug_aranges
                0x00000000000000d8       0x48 Core/Src/main.o
 .debug_aranges
                0x0000000000000120       0x48 Core/Src/stm32f1xx_hal_msp.o
 .debug_aranges
                0x0000000000000168       0x80 Core/Src/stm32f1xx_it.o
 .debug_aranges
                0x00000000000001e8       0x28 Core/Src/system_stm32f1xx.o
 .debug_aranges
                0x0000000000000210       0x28 Core/Startup/startup_stm32f103c6tx.o
 .debug_aranges
                0x0000000000000238       0xe0 Drivers/STM32F1xx_HAL_Driver/Src/stm32f1xx_hal.o
 .debug_aranges
                0x0000000000000318      0x100 Drivers/STM32F1xx_HAL_Driver/Src/stm32f1xx_hal_cortex.o
 .debug_aranges
                0x0000000000000418       0x80 Drivers/STM32F1xx_HAL_Driver/Src/stm32f1xx_hal_dma.o
 .debug_aranges
                0x0000000000000498       0x88 Drivers/STM32F1xx_HAL_Driver/Src/stm32f1xx_hal_flash.o
 .debug_aranges
                0x0000000000000520       0x98 Drivers/STM32F1xx_HAL_Driver/Src/stm32f1xx_hal_flash_ex.o
 .debug_aranges
                0x00000000000005b8       0x58 Drivers/STM32F1xx_HAL_Driver/Src/stm32f1xx_hal_gpio.o
 .debug_aranges
                0x0000000000000610       0x90 Drivers/STM32F1xx_HAL_Driver/Src/stm32f1xx_hal_rcc.o
 .debug_aranges
                0x00000000000006a0      0x3d0 Drivers/STM32F1xx_HAL_Driver/Src/stm32f1xx_hal_tim.o
 .debug_aranges
                0x0000000000000a70      0x168 Drivers/STM32F1xx_HAL_Driver/Src/stm32f1xx_hal_tim_ex.o
 .debug_aranges
                0x0000000000000bd8      0x1d0 Drivers/STM32F1xx_HAL_Driver/Src/stm32f1xx_hal_uart.o

.debug_ranges   0x0000000000000000      0xc80
 .debug_ranges  0x0000000000000000       0x40 Core/Src/checksum.o
 .debug_ranges  0x0000000000000040       0x30 Core/Src/communication.o
 .debug_ranges  0x0000000000000070       0x10 Core/Src/esc.o
 .debug_ranges  0x0000000000000080       0x18 Core/Src/flash.o
 .debug_ranges  0x0000000000000098       0x38 Core/Src/main.o
 .debug_ranges  0x00000000000000d0       0x38 Core/Src/stm32f1xx_hal_msp.o
 .debug_ranges  0x0000000000000108       0x70 Core/Src/stm32f1xx_it.o
 .debug_ranges  0x0000000000000178       0x18 Core/Src/system_stm32f1xx.o
 .debug_ranges  0x0000000000000190       0x20 Core/Startup/startup_stm32f103c6tx.o
 .debug_ranges  0x00000000000001b0       0xd0 Drivers/STM32F1xx_HAL_Driver/Src/stm32f1xx_hal.o
 .debug_ranges  0x0000000000000280       0xf0 Drivers/STM32F1xx_HAL_Driver/Src/stm32f1xx_hal_cortex.o
 .debug_ranges  0x0000000000000370       0x70 Drivers/STM32F1xx_HAL_Driver/Src/stm32f1xx_hal_dma.o
 .debug_ranges  0x00000000000003e0       0x78 Drivers/STM32F1xx_HAL_Driver/Src/stm32f1xx_hal_flash.o
 .debug_ranges  0x0000000000000458       0x88 Drivers/STM32F1xx_HAL_Driver/Src/stm32f1xx_hal_flash_ex.o
 .debug_ranges  0x00000000000004e0       0x48 Drivers/STM32F1xx_HAL_Driver/Src/stm32f1xx_hal_gpio.o
 .debug_ranges  0x0000000000000528       0x80 Drivers/STM32F1xx_HAL_Driver/Src/stm32f1xx_hal_rcc.o
 .debug_ranges  0x00000000000005a8      0x3c0 Drivers/STM32F1xx_HAL_Driver/Src/stm32f1xx_hal_tim.o
 .debug_ranges  0x0000000000000968      0x158 Drivers/STM32F1xx_HAL_Driver/Src/stm32f1xx_hal_tim_ex.o
 .debug_ranges  0x0000000000000ac0      0x1c0 Drivers/STM32F1xx_HAL_Driver/Src/stm32f1xx_hal_uart.o

.debug_macro    0x0000000000000000    0x17cbe
 .debug_macro   0x0000000000000000      0x1f7 Core/Src/checksum.o
 .debug_macro   0x00000000000001f7      0xa5a Core/Src/checksum.o
 .debug_macro   0x0000000000000c51       0x22 Core/Src/checksum.o
 .debug_macro   0x0000000000000c73       0x8e Core/Src/checksum.o
 .debug_macro   0x0000000000000d01       0x51 Core/Src/checksum.o
 .debug_macro   0x0000000000000d52       0xef Core/Src/checksum.o
 .debug_macro   0x0000000000000e41       0x6a Core/Src/checksum.o
 .debug_macro   0x0000000000000eab      0x1df Core/Src/checksum.o
 .debug_macro   0x000000000000108a       0x22 Core/Src/checksum.o
 .debug_macro   0x00000000000010ac      0x21b Core/Src/checksum.o
 .debug_macro   0x00000000000012c7       0x2e Core/Src/checksum.o
 .debug_macro   0x00000000000012f5       0x22 Core/Src/checksum.o
 .debug_macro   0x0000000000001317       0x1c Core/Src/checksum.o
 .debug_macro   0x0000000000001333       0x22 Core/Src/checksum.o
 .debug_macro   0x0000000000001355       0xc3 Core/Src/checksum.o
 .debug_macro   0x0000000000001418      0xd23 Core/Src/checksum.o
 .debug_macro   0x000000000000213b     0xde6e Core/Src/checksum.o
 .debug_macro   0x000000000000ffa9       0x43 Core/Src/checksum.o
 .debug_macro   0x000000000000ffec     0x3468 Core/Src/checksum.o
 .debug_macro   0x0000000000013454      0x174 Core/Src/checksum.o
 .debug_macro   0x00000000000135c8       0x5c Core/Src/checksum.o
 .debug_macro   0x0000000000013624      0x5be Core/Src/checksum.o
 .debug_macro   0x0000000000013be2      0x1b7 Core/Src/checksum.o
 .debug_macro   0x0000000000013d99      0x1cb Core/Src/checksum.o
 .debug_macro   0x0000000000013f64      0x114 Core/Src/checksum.o
 .debug_macro   0x0000000000014078      0x1b2 Core/Src/checksum.o
 .debug_macro   0x000000000001422a       0x27 Core/Src/checksum.o
 .debug_macro   0x0000000000014251      0x12f Core/Src/checksum.o
 .debug_macro   0x0000000000014380      0x1bc Core/Src/checksum.o
 .debug_macro   0x000000000001453c       0x34 Core/Src/checksum.o
 .debug_macro   0x0000000000014570       0x3c Core/Src/checksum.o
 .debug_macro   0x00000000000145ac       0x57 Core/Src/checksum.o
 .debug_macro   0x0000000000014603       0x88 Core/Src/checksum.o
 .debug_macro   0x000000000001468b      0x183 Core/Src/checksum.o
 .debug_macro   0x000000000001480e      0x141 Core/Src/checksum.o
 .debug_macro   0x000000000001494f      0x8d1 Core/Src/checksum.o
 .debug_macro   0x0000000000015220      0x26b Core/Src/checksum.o
 .debug_macro   0x000000000001548b       0x69 Core/Src/checksum.o
 .debug_macro   0x00000000000154f4       0x6a Core/Src/checksum.o
 .debug_macro   0x000000000001555e       0x34 Core/Src/checksum.o
 .debug_macro   0x0000000000015592       0x10 Core/Src/checksum.o
 .debug_macro   0x00000000000155a2       0x1c Core/Src/checksum.o
 .debug_macro   0x00000000000155be      0x2c0 Core/Src/communication.o
 .debug_macro   0x000000000001587e       0x46 Core/Src/communication.o
 .debug_macro   0x00000000000158c4       0x18 Core/Src/communication.o
 .debug_macro   0x00000000000158dc       0x3c Core/Src/communication.o
 .debug_macro   0x0000000000015918       0x34 Core/Src/communication.o
 .debug_macro   0x000000000001594c       0x52 Core/Src/communication.o
 .debug_macro   0x000000000001599e       0x1f Core/Src/communication.o
 .debug_macro   0x00000000000159bd       0x43 Core/Src/communication.o
 .debug_macro   0x0000000000015a00       0x20 Core/Src/communication.o
 .debug_macro   0x0000000000015a20      0x1a3 Core/Src/communication.o
 .debug_macro   0x0000000000015bc3      0x330 Core/Src/communication.o
 .debug_macro   0x0000000000015ef3       0x10 Core/Src/communication.o
 .debug_macro   0x0000000000015f03       0x35 Core/Src/communication.o
 .debug_macro   0x0000000000015f38       0x20 Core/Src/communication.o
 .debug_macro   0x0000000000015f58       0xbd Core/Src/communication.o
 .debug_macro   0x0000000000016015       0x56 Core/Src/communication.o
 .debug_macro   0x000000000001606b      0x1fb Core/Src/esc.o
 .debug_macro   0x0000000000016266      0x1be Core/Src/flash.o
 .debug_macro   0x0000000000016424      0x1f7 Core/Src/main.o
 .debug_macro   0x000000000001661b      0x1f7 Core/Src/stm32f1xx_hal_msp.o
 .debug_macro   0x0000000000016812      0x201 Core/Src/stm32f1xx_it.o
 .debug_macro   0x0000000000016a13      0x1a2 Core/Src/system_stm32f1xx.o
 .debug_macro   0x0000000000016bb5      0x1c6 Drivers/STM32F1xx_HAL_Driver/Src/stm32f1xx_hal.o
 .debug_macro   0x0000000000016d7b      0x1a2 Drivers/STM32F1xx_HAL_Driver/Src/stm32f1xx_hal_cortex.o
 .debug_macro   0x0000000000016f1d      0x1a2 Drivers/STM32F1xx_HAL_Driver/Src/stm32f1xx_hal_dma.o
 .debug_macro   0x00000000000170bf      0x1a2 Drivers/STM32F1xx_HAL_Driver/Src/stm32f1xx_hal_flash.o
 .debug_macro   0x0000000000017261      0x1b4 Drivers/STM32F1xx_HAL_Driver/Src/stm32f1xx_hal_flash_ex.o
 .debug_macro   0x0000000000017415      0x20d Drivers/STM32F1xx_HAL_Driver/Src/stm32f1xx_hal_gpio.o
 .debug_macro   0x0000000000017622      0x1b4 Drivers/STM32F1xx_HAL_Driver/Src/stm32f1xx_hal_rcc.o
 .debug_macro   0x00000000000177d6      0x1a3 Drivers/STM32F1xx_HAL_Driver/Src/stm32f1xx_hal_tim.o
 .debug_macro   0x0000000000017979      0x1a2 Drivers/STM32F1xx_HAL_Driver/Src/stm32f1xx_hal_tim_ex.o
 .debug_macro   0x0000000000017b1b      0x1a3 Drivers/STM32F1xx_HAL_Driver/Src/stm32f1xx_hal_uart.o

.debug_line     0x0000000000000000     0xbe00
 .debug_line    0x0000000000000000      0x801 Core/Src/checksum.o
 .debug_line    0x0000000000000801      0x8af Core/Src/communication.o
 .debug_line    0x00000000000010b0      0x6dc Core/Src/esc.o
 .debug_line    0x000000000000178c      0x6e8 Core/Src/flash.o
 .debug_line    0x0000000000001e74      0x790 Core/Src/main.o
 .debug_line    0x0000000000002604      0x760 Core/Src/stm32f1xx_hal_msp.o
 .debug_line    0x0000000000002d64      0x80e Core/Src/stm32f1xx_it.o
 .debug_line    0x0000000000003572      0x6c3 Core/Src/system_stm32f1xx.o
 .debug_line    0x0000000000003c35       0x84 Core/Startup/startup_stm32f103c6tx.o
 .debug_line    0x0000000000003cb9      0x876 Drivers/STM32F1xx_HAL_Driver/Src/stm32f1xx_hal.o
 .debug_line    0x000000000000452f      0x94d Drivers/STM32F1xx_HAL_Driver/Src/stm32f1xx_hal_cortex.o
 .debug_line    0x0000000000004e7c      0xadb Drivers/STM32F1xx_HAL_Driver/Src/stm32f1xx_hal_dma.o
 .debug_line    0x0000000000005957      0x891 Drivers/STM32F1xx_HAL_Driver/Src/stm32f1xx_hal_flash.o
 .debug_line    0x00000000000061e8      0x8a0 Drivers/STM32F1xx_HAL_Driver/Src/stm32f1xx_hal_flash_ex.o
 .debug_line    0x0000000000006a88      0x85e Drivers/STM32F1xx_HAL_Driver/Src/stm32f1xx_hal_gpio.o
 .debug_line    0x00000000000072e6      0x936 Drivers/STM32F1xx_HAL_Driver/Src/stm32f1xx_hal_rcc.o
 .debug_line    0x0000000000007c1c     0x1f85 Drivers/STM32F1xx_HAL_Driver/Src/stm32f1xx_hal_tim.o
 .debug_line    0x0000000000009ba1     0x12ab Drivers/STM32F1xx_HAL_Driver/Src/stm32f1xx_hal_tim_ex.o
 .debug_line    0x000000000000ae4c      0xfb4 Drivers/STM32F1xx_HAL_Driver/Src/stm32f1xx_hal_uart.o

.debug_str      0x0000000000000000    0x876a7
 .debug_str     0x0000000000000000    0x80bbb Core/Src/checksum.o
                                      0x80f0e (size before relaxing)
 .debug_str     0x0000000000080bbb     0x3485 Core/Src/communication.o
                                      0x843ba (size before relaxing)
 .debug_str     0x0000000000084040       0x32 Core/Src/esc.o
                                      0x80ecb (size before relaxing)
 .debug_str     0x0000000000084072       0xde Core/Src/flash.o
                                      0x80cf1 (size before relaxing)
 .debug_str     0x0000000000084150      0x5a8 Core/Src/main.o
                                      0x8184c (size before relaxing)
 .debug_str     0x00000000000846f8      0x2f7 Core/Src/stm32f1xx_hal_msp.o
                                      0x81890 (size before relaxing)
 .debug_str     0x00000000000849ef      0x11d Core/Src/stm32f1xx_it.o
                                      0x81399 (size before relaxing)
 .debug_str     0x0000000000084b0c       0x52 Core/Src/system_stm32f1xx.o
                                      0x80b3f (size before relaxing)
 .debug_str     0x0000000000084b5e       0x78 Core/Startup/startup_stm32f103c6tx.o
 .debug_str     0x0000000000084bd6      0x304 Drivers/STM32F1xx_HAL_Driver/Src/stm32f1xx_hal.o
                                      0x81196 (size before relaxing)
 .debug_str     0x0000000000084eda      0x300 Drivers/STM32F1xx_HAL_Driver/Src/stm32f1xx_hal_cortex.o
                                      0x8119e (size before relaxing)
 .debug_str     0x00000000000851da      0x235 Drivers/STM32F1xx_HAL_Driver/Src/stm32f1xx_hal_dma.o
                                      0x80f1a (size before relaxing)
 .debug_str     0x000000000008540f      0x286 Drivers/STM32F1xx_HAL_Driver/Src/stm32f1xx_hal_flash.o
                                      0x80e15 (size before relaxing)
 .debug_str     0x0000000000085695      0x30a Drivers/STM32F1xx_HAL_Driver/Src/stm32f1xx_hal_flash_ex.o
                                      0x80fbb (size before relaxing)
 .debug_str     0x000000000008599f      0x31f Drivers/STM32F1xx_HAL_Driver/Src/stm32f1xx_hal_gpio.o
                                      0x80f03 (size before relaxing)
 .debug_str     0x0000000000085cbe      0x24f Drivers/STM32F1xx_HAL_Driver/Src/stm32f1xx_hal_rcc.o
                                      0x80f3c (size before relaxing)
 .debug_str     0x0000000000085f0d      0xd86 Drivers/STM32F1xx_HAL_Driver/Src/stm32f1xx_hal_tim.o
                                      0x81f0e (size before relaxing)
 .debug_str     0x0000000000086c93      0x517 Drivers/STM32F1xx_HAL_Driver/Src/stm32f1xx_hal_tim_ex.o
                                      0x816e8 (size before relaxing)
 .debug_str     0x00000000000871aa      0x4fd Drivers/STM32F1xx_HAL_Driver/Src/stm32f1xx_hal_uart.o
                                      0x81442 (size before relaxing)

.comment        0x0000000000000000       0x7b
 .comment       0x0000000000000000       0x7b Core/Src/checksum.o
                                         0x7c (size before relaxing)
 .comment       0x000000000000007b       0x7c Core/Src/communication.o
 .comment       0x000000000000007b       0x7c Core/Src/esc.o
 .comment       0x000000000000007b       0x7c Core/Src/flash.o
 .comment       0x000000000000007b       0x7c Core/Src/main.o
 .comment       0x000000000000007b       0x7c Core/Src/stm32f1xx_hal_msp.o
 .comment       0x000000000000007b       0x7c Core/Src/stm32f1xx_it.o
 .comment       0x000000000000007b       0x7c Core/Src/system_stm32f1xx.o
 .comment       0x000000000000007b       0x7c Drivers/STM32F1xx_HAL_Driver/Src/stm32f1xx_hal.o
 .comment       0x000000000000007b       0x7c Drivers/STM32F1xx_HAL_Driver/Src/stm32f1xx_hal_cortex.o
 .comment       0x000000000000007b       0x7c Drivers/STM32F1xx_HAL_Driver/Src/stm32f1xx_hal_dma.o
 .comment       0x000000000000007b       0x7c Drivers/STM32F1xx_HAL_Driver/Src/stm32f1xx_hal_flash.o
 .comment       0x000000000000007b       0x7c Drivers/STM32F1xx_HAL_Driver/Src/stm32f1xx_hal_flash_ex.o
 .comment       0x000000000000007b       0x7c Drivers/STM32F1xx_HAL_Driver/Src/stm32f1xx_hal_gpio.o
 .comment       0x000000000000007b       0x7c Drivers/STM32F1xx_HAL_Driver/Src/stm32f1xx_hal_rcc.o
 .comment       0x000000000000007b       0x7c Drivers/STM32F1xx_HAL_Driver/Src/stm32f1xx_hal_tim.o
 .comment       0x000000000000007b       0x7c Drivers/STM32F1xx_HAL_Driver/Src/stm32f1xx_hal_tim_ex.o
 .comment       0x000000000000007b       0x7c Drivers/STM32F1xx_HAL_Driver/Src/stm32f1xx_hal_uart.o

.debug_frame    0x0000000000000000     0x3804
 .debug_frame   0x0000000000000000      0x128 Core/Src/checksum.o
 .debug_frame   0x0000000000000128       0xc8 Core/Src/communication.o
 .debug_frame   0x00000000000001f0       0x38 Core/Src/esc.o
 .debug_frame   0x0000000000000228       0x60 Core/Src/flash.o
 .debug_frame   0x0000000000000288       0xd4 Core/Src/main.o
 .debug_frame   0x000000000000035c       0xf0 Core/Src/stm32f1xx_hal_msp.o
 .debug_frame   0x000000000000044c      0x190 Core/Src/stm32f1xx_it.o
 .debug_frame   0x00000000000005dc       0x58 Core/Src/system_stm32f1xx.o
 .debug_frame   0x0000000000000634      0x334 Drivers/STM32F1xx_HAL_Driver/Src/stm32f1xx_hal.o
 .debug_frame   0x0000000000000968      0x428 Drivers/STM32F1xx_HAL_Driver/Src/stm32f1xx_hal_cortex.o
 .debug_frame   0x0000000000000d90      0x208 Drivers/STM32F1xx_HAL_Driver/Src/stm32f1xx_hal_dma.o
 .debug_frame   0x0000000000000f98      0x214 Drivers/STM32F1xx_HAL_Driver/Src/stm32f1xx_hal_flash.o
 .debug_frame   0x00000000000011ac      0x258 Drivers/STM32F1xx_HAL_Driver/Src/stm32f1xx_hal_flash_ex.o
 .debug_frame   0x0000000000001404      0x14c Drivers/STM32F1xx_HAL_Driver/Src/stm32f1xx_hal_gpio.o
 .debug_frame   0x0000000000001550      0x21c Drivers/STM32F1xx_HAL_Driver/Src/stm32f1xx_hal_rcc.o
 .debug_frame   0x000000000000176c     0x11b8 Drivers/STM32F1xx_HAL_Driver/Src/stm32f1xx_hal_tim.o
 .debug_frame   0x0000000000002924      0x638 Drivers/STM32F1xx_HAL_Driver/Src/stm32f1xx_hal_tim_ex.o
 .debug_frame   0x0000000000002f5c      0x834 Drivers/STM32F1xx_HAL_Driver/Src/stm32f1xx_hal_uart.o
 .debug_frame   0x0000000000003790       0x2c d:/embedded/st/stm32cubeide_1.4.0/stm32cubeide/plugins/com.st.stm32cube.ide.mcu.externaltools.gnu-tools-for-stm32.7-2018-q2-update.win32_1.4.0.202007081208/tools/bin/../lib/gcc/arm-none-eabi/7.3.1/../../../../arm-none-eabi/lib/thumb/v7-m\libc_nano.a(lib_a-init.o)
 .debug_frame   0x00000000000037bc       0x28 d:/embedded/st/stm32cubeide_1.4.0/stm32cubeide/plugins/com.st.stm32cube.ide.mcu.externaltools.gnu-tools-for-stm32.7-2018-q2-update.win32_1.4.0.202007081208/tools/bin/../lib/gcc/arm-none-eabi/7.3.1/../../../../arm-none-eabi/lib/thumb/v7-m\libc_nano.a(lib_a-memcpy-stub.o)
 .debug_frame   0x00000000000037e4       0x20 d:/embedded/st/stm32cubeide_1.4.0/stm32cubeide/plugins/com.st.stm32cube.ide.mcu.externaltools.gnu-tools-for-stm32.7-2018-q2-update.win32_1.4.0.202007081208/tools/bin/../lib/gcc/arm-none-eabi/7.3.1/../../../../arm-none-eabi/lib/thumb/v7-m\libc_nano.a(lib_a-memset.o)
